

================================================================
== Vivado HLS Report for 'bmm_top'
================================================================
* Date:           Tue May 13 11:28:27 2014

* Version:        2013.3 (build date: Wed Oct 16 18:12:55 PM 2013)
* Project:        bmm_top
* Solution:       solution1
* Product family: zynq zynq_fpv6 
* Target device:  xc7z045ffg900-1


================================================================
== Performance Estimates
================================================================
+ Timing (ns): 
    * Summary: 
    +---------+-------+----------+------------+
    |  Clock  | Target| Estimated| Uncertainty|
    +---------+-------+----------+------------+
    |default  |  10.00|      8.75|        1.25|
    +---------+-------+----------+------------+

+ Latency (clock cycles): 
    * Summary: 
    +-----+-----+-----+-----+---------+
    |  Latency  |  Interval | Pipeline|
    | min | max | min | max |   Type  |
    +-----+-----+-----+-----+---------+
    |    ?|    ?|    ?|    ?|   none  |
    +-----+-----+-----+-----+---------+

    + Detail: 
        * Instance: 
        N/A

        * Loop: 
        +---------------------+-----+-------------+----------+-----------+-----------+---------------+----------+
        |                     |      Latency      | Iteration|  Initiation Interval  |      Trip     |          |
        |      Loop Name      | min |     max     |  Latency |  achieved |   target  |     Count     | Pipelined|
        +---------------------+-----+-------------+----------+-----------+-----------+---------------+----------+
        |- Loop 1             |    ?|            ?|         ?|          -|          -|              ?|    no    |
        | + Loop 1.1          |    0|  12884901864|        24|          -|          -| 0 ~ 536870911 |    no    |
        |  ++ Loop 1.1.1      |   16|           16|         2|          -|          -|              8|    no    |
        | + Loop 1.2          |    ?|            ?|         ?|          -|          -|              ?|    no    |
        |  ++ Loop 1.2.1      |    0|   8589934576|        16|          -|          -| 0 ~ 536870911 |    no    |
        |   +++ Loop 1.2.1.1  |    8|            8|         1|          -|          -|              8|    no    |
        |  ++ Loop 1.2.2      |    ?|            ?|         9|          1|          1|              ?|    yes   |
        | + Loop 1.3          |    0|   9663676398|        18|          -|          -| 0 ~ 536870911 |    no    |
        |  ++ Loop 1.3.1      |   16|           16|         2|          -|          -|              8|    no    |
        +---------------------+-----+-------------+----------+-----------+-----------+---------------+----------+



================================================================
== Utilization Estimates
================================================================
* Summary: 
+-----------------+---------+-------+--------+--------+
|       Name      | BRAM_18K| DSP48E|   FF   |   LUT  |
+-----------------+---------+-------+--------+--------+
|Expression       |        -|      -|       0|    1175|
|FIFO             |        -|      -|       -|       -|
|Instance         |        -|     16|     180|      84|
|Memory           |        -|      -|       -|       -|
|Multiplexer      |        -|      -|       -|   11020|
|Register         |        -|      -|   13584|       -|
|ShiftMemory      |        -|      -|       0|      10|
+-----------------+---------+-------+--------+--------+
|Total            |        0|     16|   13764|   12289|
+-----------------+---------+-------+--------+--------+
|Available        |     1090|    900|  437200|  218600|
+-----------------+---------+-------+--------+--------+
|Utilization (%)  |        0|      1|       3|       5|
+-----------------+---------+-------+--------+--------+

+ Detail: 
    * Instance: 
    +-----------------------------+--------------------------+---------+-------+----+----+
    |           Instance          |          Module          | BRAM_18K| DSP48E| FF | LUT|
    +-----------------------------+--------------------------+---------+-------+----+----+
    |bmm_top_mul_32s_30s_32_6_U1  |bmm_top_mul_32s_30s_32_6  |        0|      4|  45|  21|
    |bmm_top_mul_32s_30s_32_6_U2  |bmm_top_mul_32s_30s_32_6  |        0|      4|  45|  21|
    |bmm_top_mul_32s_32s_32_6_U3  |bmm_top_mul_32s_32s_32_6  |        0|      4|  45|  21|
    |bmm_top_mul_32s_32s_32_6_U4  |bmm_top_mul_32s_32s_32_6  |        0|      4|  45|  21|
    +-----------------------------+--------------------------+---------+-------+----+----+
    |Total                        |                          |        0|     16| 180|  84|
    +-----------------------------+--------------------------+---------+-------+----+----+

    * Memory: 
    N/A

    * FIFO: 
    N/A

    * Shift register: 
    +----------------------+---+----+-----+-----------+
    |         Name         | FF| LUT| Bits| Const Bits|
    +----------------------+---+----+-----+-----------+
    |exitcond3_reg_14783   |  0|   1|    1|          0|
    |t1_1_010_t_reg_14791  |  0|   4|    5|          1|
    |tmp_26_reg_14787      |  0|   5|    5|          0|
    +----------------------+---+----+-----+-----------+
    |Total                 |  0|  10|   11|          1|
    +----------------------+---+----+-----+-----------+

    * Expression: 
    +------------------------------+----------+-------+---+----+------------+------------+
    |         Variable Name        | Operation| DSP48E| FF| LUT| Bitwidth P0| Bitwidth P1|
    +------------------------------+----------+-------+---+----+------------+------------+
    |crow_0_1_23_fu_13705_p2       |     +    |      0|  0|  32|          32|          32|
    |crow_0_2_25_fu_13710_p2       |     +    |      0|  0|  32|          32|          32|
    |curIdx_1_fu_13758_p2          |     +    |      0|  0|  32|          32|          32|
    |curIdx_2_fu_13410_p2          |     +    |      0|  0|  32|          32|          32|
    |curIdx_fu_13023_p2            |     +    |      0|  0|  32|          32|          32|
    |indvars_iv_next5_fu_13654_p2  |     +    |      0|  0|  32|          32|           4|
    |indvars_iv_next_fu_13805_p2   |     +    |      0|  0|  32|          32|           4|
    |j_3_fu_13017_p2               |     +    |      0|  0|  32|          32|           1|
    |j_4_fu_13752_p2               |     +    |      0|  0|  32|          32|           1|
    |j_5_fu_13404_p2               |     +    |      0|  0|  32|          32|           1|
    |k_6_fu_13045_p2               |     +    |      0|  0|  32|          32|           4|
    |k_7_fu_13763_p2               |     +    |      0|  0|  32|          32|           4|
    |k_8_fu_13425_p2               |     +    |      0|  0|  32|          32|           4|
    |rowIdxB_1_fu_13292_p2         |     +    |      0|  0|  32|          32|           1|
    |rowIdx_1_fu_12905_p2          |     +    |      0|  0|  32|          32|           1|
    |t1_1_1_fu_13687_p2            |     +    |      0|  0|  32|          32|           2|
    |t2_1_fu_13057_p2              |     +    |      0|  0|   4|           4|           1|
    |t2_2_fu_13775_p2              |     +    |      0|  0|   4|           4|           1|
    |t2_3_fu_13437_p2              |     +    |      0|  0|   4|           4|           1|
    |tmp_14_fu_13789_p2            |     +    |      0|  0|  32|          32|           1|
    |tmp_15_fu_13648_p2            |     +    |      0|  0|  32|          32|           1|
    |tmp_s_fu_13281_p2             |     +    |      0|  0|  32|          32|           1|
    |p_neg_fu_12848_p2             |     -    |      0|  0|  32|           1|          32|
    |p_neg_t_fu_12868_p2           |     -    |      0|  0|  30|           1|          30|
    |rowSize_fu_12888_p3           |  Select  |      0|  0|  30|           1|          30|
    |ap_sig_bdd_1651               |    and   |      0|  0|   2|           1|           1|
    |ap_sig_bdd_1654               |    and   |      0|  0|   2|           1|           1|
    |ap_sig_bdd_1657               |    and   |      0|  0|   2|           1|           1|
    |ap_sig_bdd_1660               |    and   |      0|  0|   2|           1|           1|
    |ap_sig_bdd_1663               |    and   |      0|  0|   2|           1|           1|
    |ap_sig_bdd_1666               |    and   |      0|  0|   2|           1|           1|
    |ap_sig_bdd_1669               |    and   |      0|  0|   2|           1|           1|
    |ap_sig_bdd_1672               |    and   |      0|  0|   2|           1|           1|
    |ap_sig_bdd_1675               |    and   |      0|  0|   2|           1|           1|
    |ap_sig_bdd_1678               |    and   |      0|  0|   2|           1|           1|
    |ap_sig_bdd_1681               |    and   |      0|  0|   2|           1|           1|
    |ap_sig_bdd_1684               |    and   |      0|  0|   2|           1|           1|
    |ap_sig_bdd_1687               |    and   |      0|  0|   2|           1|           1|
    |ap_sig_bdd_1690               |    and   |      0|  0|   2|           1|           1|
    |ap_sig_bdd_1693               |    and   |      0|  0|   2|           1|           1|
    |ap_sig_bdd_1696               |    and   |      0|  0|   2|           1|           1|
    |ap_sig_bdd_1702               |    and   |      0|  0|   2|           1|           1|
    |ap_sig_bdd_1705               |    and   |      0|  0|   2|           1|           1|
    |ap_sig_bdd_1708               |    and   |      0|  0|   2|           1|           1|
    |ap_sig_bdd_1711               |    and   |      0|  0|   2|           1|           1|
    |ap_sig_bdd_1714               |    and   |      0|  0|   2|           1|           1|
    |ap_sig_bdd_1717               |    and   |      0|  0|   2|           1|           1|
    |ap_sig_bdd_1720               |    and   |      0|  0|   2|           1|           1|
    |ap_sig_bdd_1723               |    and   |      0|  0|   2|           1|           1|
    |ap_sig_bdd_1726               |    and   |      0|  0|   2|           1|           1|
    |ap_sig_bdd_1729               |    and   |      0|  0|   2|           1|           1|
    |ap_sig_bdd_1732               |    and   |      0|  0|   2|           1|           1|
    |ap_sig_bdd_1735               |    and   |      0|  0|   2|           1|           1|
    |ap_sig_bdd_1738               |    and   |      0|  0|   2|           1|           1|
    |ap_sig_bdd_1741               |    and   |      0|  0|   2|           1|           1|
    |ap_sig_bdd_1744               |    and   |      0|  0|   2|           1|           1|
    |ap_sig_bdd_1750               |    and   |      0|  0|   2|           1|           1|
    |ap_sig_bdd_1753               |    and   |      0|  0|   2|           1|           1|
    |ap_sig_bdd_1756               |    and   |      0|  0|   2|           1|           1|
    |ap_sig_bdd_1759               |    and   |      0|  0|   2|           1|           1|
    |ap_sig_bdd_1762               |    and   |      0|  0|   2|           1|           1|
    |ap_sig_bdd_1765               |    and   |      0|  0|   2|           1|           1|
    |ap_sig_bdd_1768               |    and   |      0|  0|   2|           1|           1|
    |ap_sig_bdd_1771               |    and   |      0|  0|   2|           1|           1|
    |ap_sig_bdd_1774               |    and   |      0|  0|   2|           1|           1|
    |ap_sig_bdd_1777               |    and   |      0|  0|   2|           1|           1|
    |ap_sig_bdd_1780               |    and   |      0|  0|   2|           1|           1|
    |ap_sig_bdd_1783               |    and   |      0|  0|   2|           1|           1|
    |ap_sig_bdd_1786               |    and   |      0|  0|   2|           1|           1|
    |ap_sig_bdd_1789               |    and   |      0|  0|   2|           1|           1|
    |ap_sig_bdd_1792               |    and   |      0|  0|   2|           1|           1|
    |ap_sig_bdd_1795               |    and   |      0|  0|   2|           1|           1|
    |ap_sig_bdd_1798               |    and   |      0|  0|   2|           1|           1|
    |ap_sig_bdd_1801               |    and   |      0|  0|   2|           1|           1|
    |ap_sig_bdd_1804               |    and   |      0|  0|   2|           1|           1|
    |ap_sig_bdd_1807               |    and   |      0|  0|   2|           1|           1|
    |ap_sig_bdd_1810               |    and   |      0|  0|   2|           1|           1|
    |ap_sig_bdd_1813               |    and   |      0|  0|   2|           1|           1|
    |ap_sig_bdd_1816               |    and   |      0|  0|   2|           1|           1|
    |ap_sig_bdd_1819               |    and   |      0|  0|   2|           1|           1|
    |ap_sig_bdd_1822               |    and   |      0|  0|   2|           1|           1|
    |ap_sig_bdd_1825               |    and   |      0|  0|   2|           1|           1|
    |ap_sig_bdd_1828               |    and   |      0|  0|   2|           1|           1|
    |ap_sig_bdd_1831               |    and   |      0|  0|   2|           1|           1|
    |ap_sig_bdd_1834               |    and   |      0|  0|   2|           1|           1|
    |ap_sig_bdd_1837               |    and   |      0|  0|   2|           1|           1|
    |ap_sig_bdd_1840               |    and   |      0|  0|   2|           1|           1|
    |ap_sig_bdd_1848               |    and   |      0|  0|   2|           1|           1|
    |ap_sig_bdd_556                |    and   |      0|  0|   2|           1|           1|
    |ap_sig_bdd_601                |    and   |      0|  0|   2|           1|           1|
    |ap_sig_bdd_620                |    and   |      0|  0|   2|           1|           1|
    |ap_sig_bdd_626                |    and   |      0|  0|   2|           1|           1|
    |exitcond3_fu_13660_p2         |   icmp   |      0|  0|  40|          32|          32|
    |exitcond6_fu_13431_p2         |   icmp   |      0|  0|  40|          32|          32|
    |exitcond7_fu_13287_p2         |   icmp   |      0|  0|  40|          32|          32|
    |exitcond8_fu_13051_p2         |   icmp   |      0|  0|   5|           4|           5|
    |exitcond_fu_13769_p2          |   icmp   |      0|  0|  40|          32|          32|
    |tmp_1_fu_13012_p2             |   icmp   |      0|  0|  40|          32|          32|
    |tmp_3_fu_13747_p2             |   icmp   |      0|  0|  40|          32|          32|
    |tmp_4_fu_13399_p2             |   icmp   |      0|  0|  40|          32|          32|
    |tmp_fu_12900_p2               |   icmp   |      0|  0|  40|          32|          32|
    |ap_sig_bdd_338                |    or    |      0|  0|   2|           1|           1|
    |ap_sig_bdd_434                |    or    |      0|  0|   2|           1|           1|
    +------------------------------+----------+-------+---+----+------------+------------+
    |Total                         |          |      0|  0|1175|         952|         615|
    +------------------------------+----------+-------+---+----+------------+------------+

    * Multiplexer: 
    +--------------------------------------------------+-----+-----------+-----+-----------+
    |                       Name                       | LUT | Input Size| Bits| Total Bits|
    +--------------------------------------------------+-----+-----------+-----+-----------+
    |ap_reg_phiprechg_arow_load_0_phi_reg_5369pp0_it1  |  160|         18|   32|        576|
    |ap_reg_phiprechg_arow_load_1_phi_reg_5479pp0_it1  |  320|         33|   32|       1056|
    |ap_reg_phiprechg_brow_load_0_phi_reg_5409pp0_it1  |  320|         33|   32|       1056|
    |ap_reg_phiprechg_brow_load_1_phi_reg_5549pp0_it1  |  320|         33|   32|       1056|
    |ap_reg_phiprechg_crow_0_6_reg_9204pp0_it8         |   32|          3|   32|         96|
    |ap_reg_phiprechg_crow_10_6_reg_8204pp0_it8        |   32|          3|   32|         96|
    |ap_reg_phiprechg_crow_11_6_reg_8104pp0_it8        |   32|          3|   32|         96|
    |ap_reg_phiprechg_crow_12_6_reg_8004pp0_it8        |   32|          3|   32|         96|
    |ap_reg_phiprechg_crow_13_6_reg_7904pp0_it8        |   32|          3|   32|         96|
    |ap_reg_phiprechg_crow_14_6_reg_7804pp0_it8        |   32|          3|   32|         96|
    |ap_reg_phiprechg_crow_15_6_reg_7704pp0_it8        |   32|          3|   32|         96|
    |ap_reg_phiprechg_crow_16_6_reg_7604pp0_it8        |   32|          3|   32|         96|
    |ap_reg_phiprechg_crow_17_6_reg_7504pp0_it8        |   32|          3|   32|         96|
    |ap_reg_phiprechg_crow_18_6_reg_7404pp0_it8        |   32|          3|   32|         96|
    |ap_reg_phiprechg_crow_19_6_reg_7304pp0_it8        |   32|          3|   32|         96|
    |ap_reg_phiprechg_crow_1_6_reg_9104pp0_it8         |   32|          3|   32|         96|
    |ap_reg_phiprechg_crow_20_6_reg_7204pp0_it8        |   32|          3|   32|         96|
    |ap_reg_phiprechg_crow_21_6_reg_7104pp0_it8        |   32|          3|   32|         96|
    |ap_reg_phiprechg_crow_22_6_reg_7004pp0_it8        |   32|          3|   32|         96|
    |ap_reg_phiprechg_crow_23_6_reg_6904pp0_it8        |   32|          3|   32|         96|
    |ap_reg_phiprechg_crow_24_6_reg_6804pp0_it8        |   32|          3|   32|         96|
    |ap_reg_phiprechg_crow_25_6_reg_6704pp0_it8        |   32|          3|   32|         96|
    |ap_reg_phiprechg_crow_26_6_reg_6604pp0_it8        |   32|          3|   32|         96|
    |ap_reg_phiprechg_crow_27_6_reg_6504pp0_it8        |   32|          3|   32|         96|
    |ap_reg_phiprechg_crow_28_6_reg_6404pp0_it8        |   32|          3|   32|         96|
    |ap_reg_phiprechg_crow_29_6_reg_6304pp0_it8        |   32|          3|   32|         96|
    |ap_reg_phiprechg_crow_2_6_reg_9004pp0_it8         |   32|          3|   32|         96|
    |ap_reg_phiprechg_crow_30_6_reg_6204pp0_it8        |   32|          3|   32|         96|
    |ap_reg_phiprechg_crow_31_6_reg_6104pp0_it8        |   32|          3|   32|         96|
    |ap_reg_phiprechg_crow_3_6_reg_8904pp0_it8         |   32|          3|   32|         96|
    |ap_reg_phiprechg_crow_4_6_reg_8804pp0_it8         |   32|          3|   32|         96|
    |ap_reg_phiprechg_crow_5_6_reg_8704pp0_it8         |   32|          3|   32|         96|
    |ap_reg_phiprechg_crow_6_6_reg_8604pp0_it8         |   32|          3|   32|         96|
    |ap_reg_phiprechg_crow_7_6_reg_8504pp0_it8         |   32|          3|   32|         96|
    |ap_reg_phiprechg_crow_8_6_reg_8404pp0_it8         |   32|          3|   32|         96|
    |ap_reg_phiprechg_crow_9_6_reg_8304pp0_it8         |   32|          3|   32|         96|
    |b3_address                                        |   32|          3|   32|         96|
    |crow_0_1_reg_1203                                 |   32|          2|   32|         64|
    |crow_0_2_reg_1609                                 |   32|          2|   32|         64|
    |crow_0_3_reg_4804                                 |   32|          2|   32|         64|
    |crow_0_4_reg_5278                                 |   32|          2|   32|         64|
    |crow_0_5_phi_fu_5995_p4                           |   32|          2|   32|         64|
    |crow_0_5_reg_5991                                 |   32|          2|   32|         64|
    |crow_0_7_phi_fu_12571_p64                         |   32|          3|   32|         96|
    |crow_10_1_reg_1093                                |   32|          2|   32|         64|
    |crow_10_2_reg_1489                                |   32|          2|   32|         64|
    |crow_10_3_reg_3784                                |   32|          2|   32|         64|
    |crow_10_4_reg_5158                                |   32|          2|   32|         64|
    |crow_10_5_phi_fu_5875_p4                          |   32|          2|   32|         64|
    |crow_10_5_reg_5871                                |   32|          2|   32|         64|
    |crow_10_7_phi_fu_11551_p64                        |   32|          3|   32|         96|
    |crow_11_1_reg_1082                                |   32|          2|   32|         64|
    |crow_11_2_reg_1477                                |   32|          2|   32|         64|
    |crow_11_3_reg_3682                                |   32|          2|   32|         64|
    |crow_11_4_reg_5146                                |   32|          2|   32|         64|
    |crow_11_5_phi_fu_5863_p4                          |   32|          2|   32|         64|
    |crow_11_5_reg_5859                                |   32|          2|   32|         64|
    |crow_11_7_phi_fu_11449_p64                        |   32|          3|   32|         96|
    |crow_12_1_reg_1071                                |   32|          2|   32|         64|
    |crow_12_2_reg_1465                                |   32|          2|   32|         64|
    |crow_12_3_reg_3580                                |   32|          2|   32|         64|
    |crow_12_4_reg_5134                                |   32|          2|   32|         64|
    |crow_12_5_phi_fu_5851_p4                          |   32|          2|   32|         64|
    |crow_12_5_reg_5847                                |   32|          2|   32|         64|
    |crow_12_7_phi_fu_11347_p64                        |   32|          3|   32|         96|
    |crow_13_1_reg_1060                                |   32|          2|   32|         64|
    |crow_13_2_reg_1453                                |   32|          2|   32|         64|
    |crow_13_3_reg_3478                                |   32|          2|   32|         64|
    |crow_13_4_reg_5122                                |   32|          2|   32|         64|
    |crow_13_5_phi_fu_5839_p4                          |   32|          2|   32|         64|
    |crow_13_5_reg_5835                                |   32|          2|   32|         64|
    |crow_13_7_phi_fu_11245_p64                        |   32|          3|   32|         96|
    |crow_14_1_reg_1049                                |   32|          2|   32|         64|
    |crow_14_2_reg_1441                                |   32|          2|   32|         64|
    |crow_14_3_reg_3376                                |   32|          2|   32|         64|
    |crow_14_4_reg_5110                                |   32|          2|   32|         64|
    |crow_14_5_phi_fu_5827_p4                          |   32|          2|   32|         64|
    |crow_14_5_reg_5823                                |   32|          2|   32|         64|
    |crow_14_7_phi_fu_11143_p64                        |   32|          3|   32|         96|
    |crow_15_1_reg_1038                                |   32|          2|   32|         64|
    |crow_15_2_reg_1429                                |   32|          2|   32|         64|
    |crow_15_3_reg_3274                                |   32|          2|   32|         64|
    |crow_15_4_reg_5098                                |   32|          2|   32|         64|
    |crow_15_5_phi_fu_5815_p4                          |   32|          2|   32|         64|
    |crow_15_5_reg_5811                                |   32|          2|   32|         64|
    |crow_15_7_phi_fu_11041_p64                        |   32|          3|   32|         96|
    |crow_16_1_reg_1027                                |   32|          2|   32|         64|
    |crow_16_2_reg_1417                                |   32|          2|   32|         64|
    |crow_16_3_reg_3172                                |   32|          2|   32|         64|
    |crow_16_4_reg_5086                                |   32|          2|   32|         64|
    |crow_16_5_phi_fu_5803_p4                          |   32|          2|   32|         64|
    |crow_16_5_reg_5799                                |   32|          2|   32|         64|
    |crow_16_7_phi_fu_10939_p64                        |   32|          3|   32|         96|
    |crow_17_1_reg_1016                                |   32|          2|   32|         64|
    |crow_17_2_reg_1405                                |   32|          2|   32|         64|
    |crow_17_3_reg_3070                                |   32|          2|   32|         64|
    |crow_17_4_reg_5074                                |   32|          2|   32|         64|
    |crow_17_5_phi_fu_5791_p4                          |   32|          2|   32|         64|
    |crow_17_5_reg_5787                                |   32|          2|   32|         64|
    |crow_17_7_phi_fu_10837_p64                        |   32|          3|   32|         96|
    |crow_18_1_reg_1005                                |   32|          2|   32|         64|
    |crow_18_2_reg_1393                                |   32|          2|   32|         64|
    |crow_18_3_reg_2968                                |   32|          2|   32|         64|
    |crow_18_4_reg_5062                                |   32|          2|   32|         64|
    |crow_18_5_phi_fu_5779_p4                          |   32|          2|   32|         64|
    |crow_18_5_reg_5775                                |   32|          2|   32|         64|
    |crow_18_7_phi_fu_10735_p64                        |   32|          3|   32|         96|
    |crow_19_1_reg_994                                 |   32|          2|   32|         64|
    |crow_19_2_reg_1381                                |   32|          2|   32|         64|
    |crow_19_3_reg_2866                                |   32|          2|   32|         64|
    |crow_19_4_reg_5050                                |   32|          2|   32|         64|
    |crow_19_5_phi_fu_5767_p4                          |   32|          2|   32|         64|
    |crow_19_5_reg_5763                                |   32|          2|   32|         64|
    |crow_19_7_phi_fu_10633_p64                        |   32|          3|   32|         96|
    |crow_1_1_reg_1192                                 |   32|          2|   32|         64|
    |crow_1_2_reg_1597                                 |   32|          2|   32|         64|
    |crow_1_3_reg_4702                                 |   32|          2|   32|         64|
    |crow_1_4_reg_5266                                 |   32|          2|   32|         64|
    |crow_1_5_phi_fu_5983_p4                           |   32|          2|   32|         64|
    |crow_1_5_reg_5979                                 |   32|          2|   32|         64|
    |crow_1_7_phi_fu_12469_p64                         |   32|          3|   32|         96|
    |crow_20_1_reg_983                                 |   32|          2|   32|         64|
    |crow_20_2_reg_1369                                |   32|          2|   32|         64|
    |crow_20_3_reg_2764                                |   32|          2|   32|         64|
    |crow_20_4_reg_5038                                |   32|          2|   32|         64|
    |crow_20_5_phi_fu_5755_p4                          |   32|          2|   32|         64|
    |crow_20_5_reg_5751                                |   32|          2|   32|         64|
    |crow_20_7_phi_fu_10531_p64                        |   32|          3|   32|         96|
    |crow_21_1_reg_972                                 |   32|          2|   32|         64|
    |crow_21_2_reg_1357                                |   32|          2|   32|         64|
    |crow_21_3_reg_2662                                |   32|          2|   32|         64|
    |crow_21_4_reg_5026                                |   32|          2|   32|         64|
    |crow_21_5_phi_fu_5743_p4                          |   32|          2|   32|         64|
    |crow_21_5_reg_5739                                |   32|          2|   32|         64|
    |crow_21_7_phi_fu_10429_p64                        |   32|          3|   32|         96|
    |crow_22_1_reg_961                                 |   32|          2|   32|         64|
    |crow_22_2_reg_1345                                |   32|          2|   32|         64|
    |crow_22_3_reg_2560                                |   32|          2|   32|         64|
    |crow_22_4_reg_5014                                |   32|          2|   32|         64|
    |crow_22_5_phi_fu_5731_p4                          |   32|          2|   32|         64|
    |crow_22_5_reg_5727                                |   32|          2|   32|         64|
    |crow_22_7_phi_fu_10327_p64                        |   32|          3|   32|         96|
    |crow_23_1_reg_950                                 |   32|          2|   32|         64|
    |crow_23_2_reg_1333                                |   32|          2|   32|         64|
    |crow_23_3_reg_2458                                |   32|          2|   32|         64|
    |crow_23_4_reg_5002                                |   32|          2|   32|         64|
    |crow_23_5_phi_fu_5719_p4                          |   32|          2|   32|         64|
    |crow_23_5_reg_5715                                |   32|          2|   32|         64|
    |crow_23_7_phi_fu_10225_p64                        |   32|          3|   32|         96|
    |crow_24_1_reg_939                                 |   32|          2|   32|         64|
    |crow_24_2_reg_1321                                |   32|          2|   32|         64|
    |crow_24_3_reg_2356                                |   32|          2|   32|         64|
    |crow_24_4_reg_4990                                |   32|          2|   32|         64|
    |crow_24_5_phi_fu_5707_p4                          |   32|          2|   32|         64|
    |crow_24_5_reg_5703                                |   32|          2|   32|         64|
    |crow_24_7_phi_fu_10123_p64                        |   32|          3|   32|         96|
    |crow_25_1_reg_928                                 |   32|          2|   32|         64|
    |crow_25_2_reg_1309                                |   32|          2|   32|         64|
    |crow_25_3_reg_2254                                |   32|          2|   32|         64|
    |crow_25_4_reg_4978                                |   32|          2|   32|         64|
    |crow_25_5_phi_fu_5695_p4                          |   32|          2|   32|         64|
    |crow_25_5_reg_5691                                |   32|          2|   32|         64|
    |crow_25_7_phi_fu_10021_p64                        |   32|          3|   32|         96|
    |crow_26_1_reg_917                                 |   32|          2|   32|         64|
    |crow_26_2_reg_1297                                |   32|          2|   32|         64|
    |crow_26_3_reg_2152                                |   32|          2|   32|         64|
    |crow_26_4_reg_4966                                |   32|          2|   32|         64|
    |crow_26_5_phi_fu_5683_p4                          |   32|          2|   32|         64|
    |crow_26_5_reg_5679                                |   32|          2|   32|         64|
    |crow_26_7_phi_fu_9919_p64                         |   32|          3|   32|         96|
    |crow_27_1_reg_906                                 |   32|          2|   32|         64|
    |crow_27_2_reg_1285                                |   32|          2|   32|         64|
    |crow_27_3_reg_2050                                |   32|          2|   32|         64|
    |crow_27_4_reg_4954                                |   32|          2|   32|         64|
    |crow_27_5_phi_fu_5671_p4                          |   32|          2|   32|         64|
    |crow_27_5_reg_5667                                |   32|          2|   32|         64|
    |crow_27_7_phi_fu_9817_p64                         |   32|          3|   32|         96|
    |crow_28_1_reg_895                                 |   32|          2|   32|         64|
    |crow_28_2_reg_1273                                |   32|          2|   32|         64|
    |crow_28_3_reg_1948                                |   32|          2|   32|         64|
    |crow_28_4_reg_4942                                |   32|          2|   32|         64|
    |crow_28_5_phi_fu_5659_p4                          |   32|          2|   32|         64|
    |crow_28_5_reg_5655                                |   32|          2|   32|         64|
    |crow_28_7_phi_fu_9715_p64                         |   32|          3|   32|         96|
    |crow_29_1_reg_884                                 |   32|          2|   32|         64|
    |crow_29_2_reg_1261                                |   32|          2|   32|         64|
    |crow_29_3_reg_1846                                |   32|          2|   32|         64|
    |crow_29_4_reg_4930                                |   32|          2|   32|         64|
    |crow_29_5_phi_fu_5647_p4                          |   32|          2|   32|         64|
    |crow_29_5_reg_5643                                |   32|          2|   32|         64|
    |crow_29_7_phi_fu_9613_p64                         |   32|          3|   32|         96|
    |crow_2_1_reg_1181                                 |   32|          2|   32|         64|
    |crow_2_2_reg_1585                                 |   32|          2|   32|         64|
    |crow_2_3_reg_4600                                 |   32|          2|   32|         64|
    |crow_2_4_reg_5254                                 |   32|          2|   32|         64|
    |crow_2_5_phi_fu_5971_p4                           |   32|          2|   32|         64|
    |crow_2_5_reg_5967                                 |   32|          2|   32|         64|
    |crow_2_7_phi_fu_12367_p64                         |   32|          3|   32|         96|
    |crow_30_1_reg_873                                 |   32|          2|   32|         64|
    |crow_30_2_reg_1249                                |   32|          2|   32|         64|
    |crow_30_3_reg_1744                                |   32|          2|   32|         64|
    |crow_30_4_reg_4918                                |   32|          2|   32|         64|
    |crow_30_5_phi_fu_5635_p4                          |   32|          2|   32|         64|
    |crow_30_5_reg_5631                                |   32|          2|   32|         64|
    |crow_30_7_phi_fu_9511_p64                         |   32|          3|   32|         96|
    |crow_31_1_reg_862                                 |   32|          2|   32|         64|
    |crow_31_2_reg_1237                                |   32|          2|   32|         64|
    |crow_31_3_reg_1642                                |   32|          2|   32|         64|
    |crow_31_4_reg_4906                                |   32|          2|   32|         64|
    |crow_31_5_phi_fu_5623_p4                          |   32|          2|   32|         64|
    |crow_31_5_reg_5619                                |   32|          2|   32|         64|
    |crow_31_7_phi_fu_9409_p64                         |   32|          3|   32|         96|
    |crow_3_1_reg_1170                                 |   32|          2|   32|         64|
    |crow_3_2_reg_1573                                 |   32|          2|   32|         64|
    |crow_3_3_reg_4498                                 |   32|          2|   32|         64|
    |crow_3_4_reg_5242                                 |   32|          2|   32|         64|
    |crow_3_5_phi_fu_5959_p4                           |   32|          2|   32|         64|
    |crow_3_5_reg_5955                                 |   32|          2|   32|         64|
    |crow_3_7_phi_fu_12265_p64                         |   32|          3|   32|         96|
    |crow_4_1_reg_1159                                 |   32|          2|   32|         64|
    |crow_4_2_reg_1561                                 |   32|          2|   32|         64|
    |crow_4_3_reg_4396                                 |   32|          2|   32|         64|
    |crow_4_4_reg_5230                                 |   32|          2|   32|         64|
    |crow_4_5_phi_fu_5947_p4                           |   32|          2|   32|         64|
    |crow_4_5_reg_5943                                 |   32|          2|   32|         64|
    |crow_4_7_phi_fu_12163_p64                         |   32|          3|   32|         96|
    |crow_5_1_reg_1148                                 |   32|          2|   32|         64|
    |crow_5_2_reg_1549                                 |   32|          2|   32|         64|
    |crow_5_3_reg_4294                                 |   32|          2|   32|         64|
    |crow_5_4_reg_5218                                 |   32|          2|   32|         64|
    |crow_5_5_phi_fu_5935_p4                           |   32|          2|   32|         64|
    |crow_5_5_reg_5931                                 |   32|          2|   32|         64|
    |crow_5_7_phi_fu_12061_p64                         |   32|          3|   32|         96|
    |crow_6_1_reg_1137                                 |   32|          2|   32|         64|
    |crow_6_2_reg_1537                                 |   32|          2|   32|         64|
    |crow_6_3_reg_4192                                 |   32|          2|   32|         64|
    |crow_6_4_reg_5206                                 |   32|          2|   32|         64|
    |crow_6_5_phi_fu_5923_p4                           |   32|          2|   32|         64|
    |crow_6_5_reg_5919                                 |   32|          2|   32|         64|
    |crow_6_7_phi_fu_11959_p64                         |   32|          3|   32|         96|
    |crow_7_1_reg_1126                                 |   32|          2|   32|         64|
    |crow_7_2_reg_1525                                 |   32|          2|   32|         64|
    |crow_7_3_reg_4090                                 |   32|          2|   32|         64|
    |crow_7_4_reg_5194                                 |   32|          2|   32|         64|
    |crow_7_5_phi_fu_5911_p4                           |   32|          2|   32|         64|
    |crow_7_5_reg_5907                                 |   32|          2|   32|         64|
    |crow_7_7_phi_fu_11857_p64                         |   32|          3|   32|         96|
    |crow_8_1_reg_1115                                 |   32|          2|   32|         64|
    |crow_8_2_reg_1513                                 |   32|          2|   32|         64|
    |crow_8_3_reg_3988                                 |   32|          2|   32|         64|
    |crow_8_4_reg_5182                                 |   32|          2|   32|         64|
    |crow_8_5_phi_fu_5899_p4                           |   32|          2|   32|         64|
    |crow_8_5_reg_5895                                 |   32|          2|   32|         64|
    |crow_8_7_phi_fu_11755_p64                         |   32|          3|   32|         96|
    |crow_9_1_reg_1104                                 |   32|          2|   32|         64|
    |crow_9_2_reg_1501                                 |   32|          2|   32|         64|
    |crow_9_3_reg_3886                                 |   32|          2|   32|         64|
    |crow_9_4_reg_5170                                 |   32|          2|   32|         64|
    |crow_9_5_phi_fu_5887_p4                           |   32|          2|   32|         64|
    |crow_9_5_reg_5883                                 |   32|          2|   32|         64|
    |crow_9_7_phi_fu_11653_p64                         |   32|          3|   32|         96|
    |crow_load_0_phi_phi_fu_6006_p64                   |  320|         33|   32|       1056|
    |crow_load_1_phi_phi_fu_9307_p64                   |  320|         33|   32|       1056|
    |indvars_iv4_reg_5302                              |   32|          2|   32|         64|
    |indvars_iv_reg_12669                              |   32|          2|   32|         64|
    |j_1_reg_5326                                      |   32|          2|   32|         64|
    |j_2_reg_12693                                     |   32|          2|   32|         64|
    |j_reg_1226                                        |   32|          2|   32|         64|
    |k_1_reg_1632                                      |   32|          2|   32|         64|
    |k_2_reg_5314                                      |   32|          2|   32|         64|
    |k_3_reg_5337                                      |   32|          2|   32|         64|
    |k_4_reg_12681                                     |   32|          2|   32|         64|
    |k_5_reg_12704                                     |   32|          2|   32|         64|
    |k_reg_1214                                        |   32|          2|   32|         64|
    |p_Repl2_s_reg_12738                               |  320|         32|   32|       1024|
    |p_Val2_2_reg_12714                                |  256|          2|  256|        512|
    |rowIdxB_reg_5290                                  |   32|          2|   32|         64|
    |rowIdx_reg_850                                    |   32|          2|   32|         64|
    |t1_reg_5358                                       |   32|          2|   32|         64|
    |t2_reg_1621                                       |    4|          2|    4|          8|
    |t3_reg_5347                                       |    4|          2|    4|          8|
    |t_reg_12727                                       |    4|          2|    4|          8|
    +--------------------------------------------------+-----+-----------+-----+-----------+
    |Total                                             |11020|        830| 9164|      26840|
    +--------------------------------------------------+-----+-----------+-----+-----------+

    * Register: 
    +--------------------------------------------------+-----+-----+-----------+
    |                       Name                       |  FF | Bits| Const Bits|
    +--------------------------------------------------+-----+-----+-----------+
    |ap_CS_fsm                                         |    6|    6|          0|
    |ap_reg_phiprechg_arow_load_0_phi_reg_5369pp0_it1  |   32|   32|          0|
    |ap_reg_phiprechg_arow_load_1_phi_reg_5479pp0_it1  |   32|   32|          0|
    |ap_reg_phiprechg_brow_load_0_phi_reg_5409pp0_it1  |   32|   32|          0|
    |ap_reg_phiprechg_brow_load_1_phi_reg_5549pp0_it1  |   32|   32|          0|
    |ap_reg_phiprechg_crow_0_6_reg_9204pp0_it8         |   32|   32|          0|
    |ap_reg_phiprechg_crow_10_6_reg_8204pp0_it8        |   32|   32|          0|
    |ap_reg_phiprechg_crow_11_6_reg_8104pp0_it8        |   32|   32|          0|
    |ap_reg_phiprechg_crow_12_6_reg_8004pp0_it8        |   32|   32|          0|
    |ap_reg_phiprechg_crow_13_6_reg_7904pp0_it8        |   32|   32|          0|
    |ap_reg_phiprechg_crow_14_6_reg_7804pp0_it8        |   32|   32|          0|
    |ap_reg_phiprechg_crow_15_6_reg_7704pp0_it8        |   32|   32|          0|
    |ap_reg_phiprechg_crow_16_6_reg_7604pp0_it8        |   32|   32|          0|
    |ap_reg_phiprechg_crow_17_6_reg_7504pp0_it8        |   32|   32|          0|
    |ap_reg_phiprechg_crow_18_6_reg_7404pp0_it8        |   32|   32|          0|
    |ap_reg_phiprechg_crow_19_6_reg_7304pp0_it8        |   32|   32|          0|
    |ap_reg_phiprechg_crow_1_6_reg_9104pp0_it8         |   32|   32|          0|
    |ap_reg_phiprechg_crow_20_6_reg_7204pp0_it8        |   32|   32|          0|
    |ap_reg_phiprechg_crow_21_6_reg_7104pp0_it8        |   32|   32|          0|
    |ap_reg_phiprechg_crow_22_6_reg_7004pp0_it8        |   32|   32|          0|
    |ap_reg_phiprechg_crow_23_6_reg_6904pp0_it8        |   32|   32|          0|
    |ap_reg_phiprechg_crow_24_6_reg_6804pp0_it8        |   32|   32|          0|
    |ap_reg_phiprechg_crow_25_6_reg_6704pp0_it8        |   32|   32|          0|
    |ap_reg_phiprechg_crow_26_6_reg_6604pp0_it8        |   32|   32|          0|
    |ap_reg_phiprechg_crow_27_6_reg_6504pp0_it8        |   32|   32|          0|
    |ap_reg_phiprechg_crow_28_6_reg_6404pp0_it8        |   32|   32|          0|
    |ap_reg_phiprechg_crow_29_6_reg_6304pp0_it8        |   32|   32|          0|
    |ap_reg_phiprechg_crow_2_6_reg_9004pp0_it8         |   32|   32|          0|
    |ap_reg_phiprechg_crow_30_6_reg_6204pp0_it8        |   32|   32|          0|
    |ap_reg_phiprechg_crow_31_6_reg_6104pp0_it8        |   32|   32|          0|
    |ap_reg_phiprechg_crow_3_6_reg_8904pp0_it8         |   32|   32|          0|
    |ap_reg_phiprechg_crow_4_6_reg_8804pp0_it8         |   32|   32|          0|
    |ap_reg_phiprechg_crow_5_6_reg_8704pp0_it8         |   32|   32|          0|
    |ap_reg_phiprechg_crow_6_6_reg_8604pp0_it8         |   32|   32|          0|
    |ap_reg_phiprechg_crow_7_6_reg_8504pp0_it8         |   32|   32|          0|
    |ap_reg_phiprechg_crow_8_6_reg_8404pp0_it8         |   32|   32|          0|
    |ap_reg_phiprechg_crow_9_6_reg_8304pp0_it8         |   32|   32|          0|
    |ap_reg_ppiten_pp0_it0                             |    1|    1|          0|
    |ap_reg_ppiten_pp0_it1                             |    1|    1|          0|
    |ap_reg_ppiten_pp0_it2                             |    1|    1|          0|
    |ap_reg_ppiten_pp0_it3                             |    1|    1|          0|
    |ap_reg_ppiten_pp0_it4                             |    1|    1|          0|
    |ap_reg_ppiten_pp0_it5                             |    1|    1|          0|
    |ap_reg_ppiten_pp0_it6                             |    1|    1|          0|
    |ap_reg_ppiten_pp0_it7                             |    1|    1|          0|
    |ap_reg_ppiten_pp0_it8                             |    1|    1|          0|
    |ap_reg_ppstg_tmp_22_1_reg_14805_pp0_it7           |   32|   32|          0|
    |arow_31_10_fu_206                                 |   32|   32|          0|
    |arow_31_10_load_reg_14314                         |   32|   32|          0|
    |arow_31_11_fu_210                                 |   32|   32|          0|
    |arow_31_11_load_reg_14320                         |   32|   32|          0|
    |arow_31_12_fu_214                                 |   32|   32|          0|
    |arow_31_12_load_reg_14325                         |   32|   32|          0|
    |arow_31_13_fu_218                                 |   32|   32|          0|
    |arow_31_13_load_reg_14331                         |   32|   32|          0|
    |arow_31_14_fu_222                                 |   32|   32|          0|
    |arow_31_14_load_reg_14336                         |   32|   32|          0|
    |arow_31_15_fu_226                                 |   32|   32|          0|
    |arow_31_15_load_reg_14342                         |   32|   32|          0|
    |arow_31_16_fu_230                                 |   32|   32|          0|
    |arow_31_16_load_reg_14347                         |   32|   32|          0|
    |arow_31_17_fu_234                                 |   32|   32|          0|
    |arow_31_17_load_reg_14353                         |   32|   32|          0|
    |arow_31_18_fu_238                                 |   32|   32|          0|
    |arow_31_18_load_reg_14358                         |   32|   32|          0|
    |arow_31_19_fu_242                                 |   32|   32|          0|
    |arow_31_19_load_reg_14364                         |   32|   32|          0|
    |arow_31_1_fu_170                                  |   32|   32|          0|
    |arow_31_1_load_reg_14265                          |   32|   32|          0|
    |arow_31_20_fu_246                                 |   32|   32|          0|
    |arow_31_20_load_reg_14369                         |   32|   32|          0|
    |arow_31_21_fu_250                                 |   32|   32|          0|
    |arow_31_21_load_reg_14375                         |   32|   32|          0|
    |arow_31_22_fu_254                                 |   32|   32|          0|
    |arow_31_22_load_reg_14380                         |   32|   32|          0|
    |arow_31_23_fu_258                                 |   32|   32|          0|
    |arow_31_23_load_reg_14386                         |   32|   32|          0|
    |arow_31_24_fu_262                                 |   32|   32|          0|
    |arow_31_24_load_reg_14391                         |   32|   32|          0|
    |arow_31_25_fu_266                                 |   32|   32|          0|
    |arow_31_25_load_reg_14397                         |   32|   32|          0|
    |arow_31_26_fu_270                                 |   32|   32|          0|
    |arow_31_26_load_reg_14402                         |   32|   32|          0|
    |arow_31_27_fu_274                                 |   32|   32|          0|
    |arow_31_27_load_reg_14408                         |   32|   32|          0|
    |arow_31_28_fu_278                                 |   32|   32|          0|
    |arow_31_28_load_reg_14413                         |   32|   32|          0|
    |arow_31_29_fu_282                                 |   32|   32|          0|
    |arow_31_29_load_reg_14419                         |   32|   32|          0|
    |arow_31_2_fu_174                                  |   32|   32|          0|
    |arow_31_2_load_reg_14270                          |   32|   32|          0|
    |arow_31_30_fu_286                                 |   32|   32|          0|
    |arow_31_30_load_reg_14424                         |   32|   32|          0|
    |arow_31_31_fu_290                                 |   32|   32|          0|
    |arow_31_31_load_reg_14430                         |   32|   32|          0|
    |arow_31_3_fu_178                                  |   32|   32|          0|
    |arow_31_3_load_reg_14276                          |   32|   32|          0|
    |arow_31_4_fu_182                                  |   32|   32|          0|
    |arow_31_4_load_reg_14281                          |   32|   32|          0|
    |arow_31_5_fu_186                                  |   32|   32|          0|
    |arow_31_5_load_reg_14287                          |   32|   32|          0|
    |arow_31_6_fu_190                                  |   32|   32|          0|
    |arow_31_6_load_reg_14292                          |   32|   32|          0|
    |arow_31_7_fu_194                                  |   32|   32|          0|
    |arow_31_7_load_reg_14298                          |   32|   32|          0|
    |arow_31_8_fu_198                                  |   32|   32|          0|
    |arow_31_8_load_reg_14303                          |   32|   32|          0|
    |arow_31_9_fu_202                                  |   32|   32|          0|
    |arow_31_9_load_reg_14309                          |   32|   32|          0|
    |arow_31_fu_166                                    |   32|   32|          0|
    |arow_31_load_reg_14259                            |   32|   32|          0|
    |blockSize_read_reg_14229                          |   32|   32|          0|
    |brow_31_10_fu_334                                 |   32|   32|          0|
    |brow_31_10_load_reg_14601                         |   32|   32|          0|
    |brow_31_11_fu_338                                 |   32|   32|          0|
    |brow_31_11_load_reg_14607                         |   32|   32|          0|
    |brow_31_12_fu_342                                 |   32|   32|          0|
    |brow_31_12_load_reg_14613                         |   32|   32|          0|
    |brow_31_13_fu_346                                 |   32|   32|          0|
    |brow_31_13_load_reg_14619                         |   32|   32|          0|
    |brow_31_14_fu_350                                 |   32|   32|          0|
    |brow_31_14_load_reg_14625                         |   32|   32|          0|
    |brow_31_15_fu_354                                 |   32|   32|          0|
    |brow_31_15_load_reg_14631                         |   32|   32|          0|
    |brow_31_16_fu_358                                 |   32|   32|          0|
    |brow_31_16_load_reg_14637                         |   32|   32|          0|
    |brow_31_17_fu_362                                 |   32|   32|          0|
    |brow_31_17_load_reg_14643                         |   32|   32|          0|
    |brow_31_18_fu_366                                 |   32|   32|          0|
    |brow_31_18_load_reg_14649                         |   32|   32|          0|
    |brow_31_19_fu_370                                 |   32|   32|          0|
    |brow_31_19_load_reg_14655                         |   32|   32|          0|
    |brow_31_1_fu_298                                  |   32|   32|          0|
    |brow_31_1_load_reg_14547                          |   32|   32|          0|
    |brow_31_20_fu_374                                 |   32|   32|          0|
    |brow_31_20_load_reg_14661                         |   32|   32|          0|
    |brow_31_21_fu_378                                 |   32|   32|          0|
    |brow_31_21_load_reg_14667                         |   32|   32|          0|
    |brow_31_22_fu_382                                 |   32|   32|          0|
    |brow_31_22_load_reg_14673                         |   32|   32|          0|
    |brow_31_23_fu_386                                 |   32|   32|          0|
    |brow_31_23_load_reg_14679                         |   32|   32|          0|
    |brow_31_24_fu_390                                 |   32|   32|          0|
    |brow_31_24_load_reg_14685                         |   32|   32|          0|
    |brow_31_25_fu_394                                 |   32|   32|          0|
    |brow_31_25_load_reg_14691                         |   32|   32|          0|
    |brow_31_26_fu_398                                 |   32|   32|          0|
    |brow_31_26_load_reg_14697                         |   32|   32|          0|
    |brow_31_27_fu_402                                 |   32|   32|          0|
    |brow_31_27_load_reg_14703                         |   32|   32|          0|
    |brow_31_28_fu_406                                 |   32|   32|          0|
    |brow_31_28_load_reg_14709                         |   32|   32|          0|
    |brow_31_29_fu_410                                 |   32|   32|          0|
    |brow_31_29_load_reg_14715                         |   32|   32|          0|
    |brow_31_2_fu_302                                  |   32|   32|          0|
    |brow_31_2_load_reg_14553                          |   32|   32|          0|
    |brow_31_30_fu_414                                 |   32|   32|          0|
    |brow_31_30_load_reg_14721                         |   32|   32|          0|
    |brow_31_31_fu_418                                 |   32|   32|          0|
    |brow_31_31_load_reg_14727                         |   32|   32|          0|
    |brow_31_3_fu_306                                  |   32|   32|          0|
    |brow_31_3_load_reg_14559                          |   32|   32|          0|
    |brow_31_4_fu_310                                  |   32|   32|          0|
    |brow_31_4_load_reg_14565                          |   32|   32|          0|
    |brow_31_5_fu_314                                  |   32|   32|          0|
    |brow_31_5_load_reg_14571                          |   32|   32|          0|
    |brow_31_6_fu_318                                  |   32|   32|          0|
    |brow_31_6_load_reg_14577                          |   32|   32|          0|
    |brow_31_7_fu_322                                  |   32|   32|          0|
    |brow_31_7_load_reg_14583                          |   32|   32|          0|
    |brow_31_8_fu_326                                  |   32|   32|          0|
    |brow_31_8_load_reg_14589                          |   32|   32|          0|
    |brow_31_9_fu_330                                  |   32|   32|          0|
    |brow_31_9_load_reg_14595                          |   32|   32|          0|
    |brow_31_fu_294                                    |   32|   32|          0|
    |brow_31_load_reg_14541                            |   32|   32|          0|
    |crow_0_1_reg_1203                                 |   32|   32|          0|
    |crow_0_2_reg_1609                                 |   32|   32|          0|
    |crow_0_3_reg_4804                                 |   32|   32|          0|
    |crow_0_4_reg_5278                                 |   32|   32|          0|
    |crow_0_5_reg_5991                                 |   32|   32|          0|
    |crow_10_1_reg_1093                                |   32|   32|          0|
    |crow_10_2_reg_1489                                |   32|   32|          0|
    |crow_10_3_reg_3784                                |   32|   32|          0|
    |crow_10_4_reg_5158                                |   32|   32|          0|
    |crow_10_5_reg_5871                                |   32|   32|          0|
    |crow_10_reg_718                                   |   32|   32|          0|
    |crow_11_1_reg_1082                                |   32|   32|          0|
    |crow_11_2_reg_1477                                |   32|   32|          0|
    |crow_11_3_reg_3682                                |   32|   32|          0|
    |crow_11_4_reg_5146                                |   32|   32|          0|
    |crow_11_5_reg_5859                                |   32|   32|          0|
    |crow_11_reg_706                                   |   32|   32|          0|
    |crow_12_1_reg_1071                                |   32|   32|          0|
    |crow_12_2_reg_1465                                |   32|   32|          0|
    |crow_12_3_reg_3580                                |   32|   32|          0|
    |crow_12_4_reg_5134                                |   32|   32|          0|
    |crow_12_5_reg_5847                                |   32|   32|          0|
    |crow_12_reg_694                                   |   32|   32|          0|
    |crow_13_1_reg_1060                                |   32|   32|          0|
    |crow_13_2_reg_1453                                |   32|   32|          0|
    |crow_13_3_reg_3478                                |   32|   32|          0|
    |crow_13_4_reg_5122                                |   32|   32|          0|
    |crow_13_5_reg_5835                                |   32|   32|          0|
    |crow_13_reg_682                                   |   32|   32|          0|
    |crow_14_1_reg_1049                                |   32|   32|          0|
    |crow_14_2_reg_1441                                |   32|   32|          0|
    |crow_14_3_reg_3376                                |   32|   32|          0|
    |crow_14_4_reg_5110                                |   32|   32|          0|
    |crow_14_5_reg_5823                                |   32|   32|          0|
    |crow_14_reg_670                                   |   32|   32|          0|
    |crow_15_1_reg_1038                                |   32|   32|          0|
    |crow_15_2_reg_1429                                |   32|   32|          0|
    |crow_15_3_reg_3274                                |   32|   32|          0|
    |crow_15_4_reg_5098                                |   32|   32|          0|
    |crow_15_5_reg_5811                                |   32|   32|          0|
    |crow_15_reg_658                                   |   32|   32|          0|
    |crow_16_1_reg_1027                                |   32|   32|          0|
    |crow_16_2_reg_1417                                |   32|   32|          0|
    |crow_16_3_reg_3172                                |   32|   32|          0|
    |crow_16_4_reg_5086                                |   32|   32|          0|
    |crow_16_5_reg_5799                                |   32|   32|          0|
    |crow_16_reg_646                                   |   32|   32|          0|
    |crow_17_1_reg_1016                                |   32|   32|          0|
    |crow_17_2_reg_1405                                |   32|   32|          0|
    |crow_17_3_reg_3070                                |   32|   32|          0|
    |crow_17_4_reg_5074                                |   32|   32|          0|
    |crow_17_5_reg_5787                                |   32|   32|          0|
    |crow_17_reg_634                                   |   32|   32|          0|
    |crow_18_1_reg_1005                                |   32|   32|          0|
    |crow_18_2_reg_1393                                |   32|   32|          0|
    |crow_18_3_reg_2968                                |   32|   32|          0|
    |crow_18_4_reg_5062                                |   32|   32|          0|
    |crow_18_5_reg_5775                                |   32|   32|          0|
    |crow_18_reg_622                                   |   32|   32|          0|
    |crow_19_1_reg_994                                 |   32|   32|          0|
    |crow_19_2_reg_1381                                |   32|   32|          0|
    |crow_19_3_reg_2866                                |   32|   32|          0|
    |crow_19_4_reg_5050                                |   32|   32|          0|
    |crow_19_5_reg_5763                                |   32|   32|          0|
    |crow_19_reg_610                                   |   32|   32|          0|
    |crow_1_1_reg_1192                                 |   32|   32|          0|
    |crow_1_2_reg_1597                                 |   32|   32|          0|
    |crow_1_3_reg_4702                                 |   32|   32|          0|
    |crow_1_4_reg_5266                                 |   32|   32|          0|
    |crow_1_5_reg_5979                                 |   32|   32|          0|
    |crow_1_reg_826                                    |   32|   32|          0|
    |crow_20_1_reg_983                                 |   32|   32|          0|
    |crow_20_2_reg_1369                                |   32|   32|          0|
    |crow_20_3_reg_2764                                |   32|   32|          0|
    |crow_20_4_reg_5038                                |   32|   32|          0|
    |crow_20_5_reg_5751                                |   32|   32|          0|
    |crow_20_reg_598                                   |   32|   32|          0|
    |crow_21_1_reg_972                                 |   32|   32|          0|
    |crow_21_2_reg_1357                                |   32|   32|          0|
    |crow_21_3_reg_2662                                |   32|   32|          0|
    |crow_21_4_reg_5026                                |   32|   32|          0|
    |crow_21_5_reg_5739                                |   32|   32|          0|
    |crow_21_reg_586                                   |   32|   32|          0|
    |crow_22_1_reg_961                                 |   32|   32|          0|
    |crow_22_2_reg_1345                                |   32|   32|          0|
    |crow_22_3_reg_2560                                |   32|   32|          0|
    |crow_22_4_reg_5014                                |   32|   32|          0|
    |crow_22_5_reg_5727                                |   32|   32|          0|
    |crow_22_reg_574                                   |   32|   32|          0|
    |crow_23_1_reg_950                                 |   32|   32|          0|
    |crow_23_2_reg_1333                                |   32|   32|          0|
    |crow_23_3_reg_2458                                |   32|   32|          0|
    |crow_23_4_reg_5002                                |   32|   32|          0|
    |crow_23_5_reg_5715                                |   32|   32|          0|
    |crow_23_reg_562                                   |   32|   32|          0|
    |crow_24_1_reg_939                                 |   32|   32|          0|
    |crow_24_2_reg_1321                                |   32|   32|          0|
    |crow_24_3_reg_2356                                |   32|   32|          0|
    |crow_24_4_reg_4990                                |   32|   32|          0|
    |crow_24_5_reg_5703                                |   32|   32|          0|
    |crow_24_reg_550                                   |   32|   32|          0|
    |crow_25_1_reg_928                                 |   32|   32|          0|
    |crow_25_2_reg_1309                                |   32|   32|          0|
    |crow_25_3_reg_2254                                |   32|   32|          0|
    |crow_25_4_reg_4978                                |   32|   32|          0|
    |crow_25_5_reg_5691                                |   32|   32|          0|
    |crow_25_reg_538                                   |   32|   32|          0|
    |crow_26_1_reg_917                                 |   32|   32|          0|
    |crow_26_2_reg_1297                                |   32|   32|          0|
    |crow_26_3_reg_2152                                |   32|   32|          0|
    |crow_26_4_reg_4966                                |   32|   32|          0|
    |crow_26_5_reg_5679                                |   32|   32|          0|
    |crow_26_reg_526                                   |   32|   32|          0|
    |crow_27_1_reg_906                                 |   32|   32|          0|
    |crow_27_2_reg_1285                                |   32|   32|          0|
    |crow_27_3_reg_2050                                |   32|   32|          0|
    |crow_27_4_reg_4954                                |   32|   32|          0|
    |crow_27_5_reg_5667                                |   32|   32|          0|
    |crow_27_reg_514                                   |   32|   32|          0|
    |crow_28_1_reg_895                                 |   32|   32|          0|
    |crow_28_2_reg_1273                                |   32|   32|          0|
    |crow_28_3_reg_1948                                |   32|   32|          0|
    |crow_28_4_reg_4942                                |   32|   32|          0|
    |crow_28_5_reg_5655                                |   32|   32|          0|
    |crow_28_reg_502                                   |   32|   32|          0|
    |crow_29_1_reg_884                                 |   32|   32|          0|
    |crow_29_2_reg_1261                                |   32|   32|          0|
    |crow_29_3_reg_1846                                |   32|   32|          0|
    |crow_29_4_reg_4930                                |   32|   32|          0|
    |crow_29_5_reg_5643                                |   32|   32|          0|
    |crow_29_reg_490                                   |   32|   32|          0|
    |crow_2_1_reg_1181                                 |   32|   32|          0|
    |crow_2_2_reg_1585                                 |   32|   32|          0|
    |crow_2_3_reg_4600                                 |   32|   32|          0|
    |crow_2_4_reg_5254                                 |   32|   32|          0|
    |crow_2_5_reg_5967                                 |   32|   32|          0|
    |crow_2_reg_814                                    |   32|   32|          0|
    |crow_30_1_reg_873                                 |   32|   32|          0|
    |crow_30_2_reg_1249                                |   32|   32|          0|
    |crow_30_3_reg_1744                                |   32|   32|          0|
    |crow_30_4_reg_4918                                |   32|   32|          0|
    |crow_30_5_reg_5631                                |   32|   32|          0|
    |crow_30_reg_478                                   |   32|   32|          0|
    |crow_31_1_reg_862                                 |   32|   32|          0|
    |crow_31_2_reg_1237                                |   32|   32|          0|
    |crow_31_3_reg_1642                                |   32|   32|          0|
    |crow_31_4_reg_4906                                |   32|   32|          0|
    |crow_31_5_reg_5619                                |   32|   32|          0|
    |crow_3_1_reg_1170                                 |   32|   32|          0|
    |crow_3_2_reg_1573                                 |   32|   32|          0|
    |crow_3_3_reg_4498                                 |   32|   32|          0|
    |crow_3_4_reg_5242                                 |   32|   32|          0|
    |crow_3_5_reg_5955                                 |   32|   32|          0|
    |crow_3_reg_802                                    |   32|   32|          0|
    |crow_4_1_reg_1159                                 |   32|   32|          0|
    |crow_4_2_reg_1561                                 |   32|   32|          0|
    |crow_4_3_reg_4396                                 |   32|   32|          0|
    |crow_4_4_reg_5230                                 |   32|   32|          0|
    |crow_4_5_reg_5943                                 |   32|   32|          0|
    |crow_4_reg_790                                    |   32|   32|          0|
    |crow_5_1_reg_1148                                 |   32|   32|          0|
    |crow_5_2_reg_1549                                 |   32|   32|          0|
    |crow_5_3_reg_4294                                 |   32|   32|          0|
    |crow_5_4_reg_5218                                 |   32|   32|          0|
    |crow_5_5_reg_5931                                 |   32|   32|          0|
    |crow_5_reg_778                                    |   32|   32|          0|
    |crow_6_1_reg_1137                                 |   32|   32|          0|
    |crow_6_2_reg_1537                                 |   32|   32|          0|
    |crow_6_3_reg_4192                                 |   32|   32|          0|
    |crow_6_4_reg_5206                                 |   32|   32|          0|
    |crow_6_5_reg_5919                                 |   32|   32|          0|
    |crow_6_reg_766                                    |   32|   32|          0|
    |crow_7_1_reg_1126                                 |   32|   32|          0|
    |crow_7_2_reg_1525                                 |   32|   32|          0|
    |crow_7_3_reg_4090                                 |   32|   32|          0|
    |crow_7_4_reg_5194                                 |   32|   32|          0|
    |crow_7_5_reg_5907                                 |   32|   32|          0|
    |crow_7_reg_754                                    |   32|   32|          0|
    |crow_8_1_reg_1115                                 |   32|   32|          0|
    |crow_8_2_reg_1513                                 |   32|   32|          0|
    |crow_8_3_reg_3988                                 |   32|   32|          0|
    |crow_8_4_reg_5182                                 |   32|   32|          0|
    |crow_8_5_reg_5895                                 |   32|   32|          0|
    |crow_8_reg_742                                    |   32|   32|          0|
    |crow_9_1_reg_1104                                 |   32|   32|          0|
    |crow_9_2_reg_1501                                 |   32|   32|          0|
    |crow_9_3_reg_3886                                 |   32|   32|          0|
    |crow_9_4_reg_5170                                 |   32|   32|          0|
    |crow_9_5_reg_5883                                 |   32|   32|          0|
    |crow_9_reg_730                                    |   32|   32|          0|
    |crow_reg_838                                      |   32|   32|          0|
    |crow_s_reg_466                                    |   32|   32|          0|
    |curElemA_reg_14461                                |  256|  256|          0|
    |curElemB_reg_14752                                |  256|  256|          0|
    |curElemC_1_reg_14466                              |  256|  256|          0|
    |curIdx_1_reg_14854                                |   32|   32|          0|
    |curIdx_2_reg_14741                                |   32|   32|          0|
    |curIdx_reg_14444                                  |   32|   32|          0|
    |exitcond3_reg_14783                               |    1|    1|          0|
    |indvars_iv4_reg_5302                              |   32|   32|          0|
    |indvars_iv_reg_12669                              |   32|   32|          0|
    |j_1_reg_5326                                      |   32|   32|          0|
    |j_2_reg_12693                                     |   32|   32|          0|
    |j_3_reg_14439                                     |   32|   32|          0|
    |j_4_reg_14849                                     |   32|   32|          0|
    |j_5_reg_14736                                     |   32|   32|          0|
    |j_reg_1226                                        |   32|   32|          0|
    |k_1_reg_1632                                      |   32|   32|          0|
    |k_2_reg_5314                                      |   32|   32|          0|
    |k_3_reg_5337                                      |   32|   32|          0|
    |k_4_reg_12681                                     |   32|   32|          0|
    |k_5_reg_12704                                     |   32|   32|          0|
    |k_6_reg_14471                                     |   32|   32|          0|
    |k_7_reg_14859                                     |   32|   32|          0|
    |k_8_reg_14757                                     |   32|   32|          0|
    |k_reg_1214                                        |   32|   32|          0|
    |p_Repl2_s_reg_12738                               |   32|   32|          0|
    |p_Val2_2_reg_12714                                |  256|  256|          0|
    |rowBaseIdxB_reg_14536                             |   32|   32|          0|
    |rowBaseIdx_reg_14253                              |   32|   32|          0|
    |rowIdxB_1_reg_14531                               |   32|   32|          0|
    |rowIdxB_reg_5290                                  |   32|   32|          0|
    |rowIdx_1_reg_14248                                |   32|   32|          0|
    |rowIdx_reg_850                                    |   32|   32|          0|
    |rowSize_cast_reg_14236                            |   32|   32|          0|
    |t1_1_010_t_reg_14791                              |    4|    5|          1|
    |t1_reg_5358                                       |   32|   32|          0|
    |t2_1_reg_14479                                    |    4|    4|          0|
    |t2_2_reg_14867                                    |    4|    4|          0|
    |t2_reg_1621                                       |    4|    4|          0|
    |t3_reg_5347                                       |    4|    4|          0|
    |t_reg_12727                                       |    4|    4|          0|
    |tmp_14_reg_14881                                  |   32|   32|          0|
    |tmp_16_reg_14800                                  |   32|   32|          0|
    |tmp_22_1_reg_14805                                |   32|   32|          0|
    |tmp_26_reg_14787                                  |    5|    5|          0|
    |tmp_30_reg_14875                                  |    3|    3|          0|
    |tmp_s_reg_14523                                   |   32|   32|          0|
    +--------------------------------------------------+-----+-----+-----------+
    |Total                                             |13584|13585|          1|
    +--------------------------------------------------+-----+-----+-----------+



================================================================
== Interface
================================================================
* Summary: 
+------------------+-----+-----+------------+--------------+--------------+
|     RTL Ports    | Dir | Bits|  Protocol  | Source Object|    C Type    |
+------------------+-----+-----+------------+--------------+--------------+
|ap_clk            |  in |    1| ap_ctrl_hs |    bmm_top   | return value |
|ap_rst            |  in |    1| ap_ctrl_hs |    bmm_top   | return value |
|ap_start          |  in |    1| ap_ctrl_hs |    bmm_top   | return value |
|ap_done           | out |    1| ap_ctrl_hs |    bmm_top   | return value |
|ap_idle           | out |    1| ap_ctrl_hs |    bmm_top   | return value |
|ap_ready          | out |    1| ap_ctrl_hs |    bmm_top   | return value |
|b1_req_din        | out |    1|   ap_bus   |      b1      |    pointer   |
|b1_req_full_n     |  in |    1|   ap_bus   |      b1      |    pointer   |
|b1_req_write      | out |    1|   ap_bus   |      b1      |    pointer   |
|b1_rsp_empty_n    |  in |    1|   ap_bus   |      b1      |    pointer   |
|b1_rsp_read       | out |    1|   ap_bus   |      b1      |    pointer   |
|b1_address        | out |   32|   ap_bus   |      b1      |    pointer   |
|b1_datain         |  in |  256|   ap_bus   |      b1      |    pointer   |
|b1_dataout        | out |  256|   ap_bus   |      b1      |    pointer   |
|b1_size           | out |   32|   ap_bus   |      b1      |    pointer   |
|b2_req_din        | out |    1|   ap_bus   |      b2      |    pointer   |
|b2_req_full_n     |  in |    1|   ap_bus   |      b2      |    pointer   |
|b2_req_write      | out |    1|   ap_bus   |      b2      |    pointer   |
|b2_rsp_empty_n    |  in |    1|   ap_bus   |      b2      |    pointer   |
|b2_rsp_read       | out |    1|   ap_bus   |      b2      |    pointer   |
|b2_address        | out |   32|   ap_bus   |      b2      |    pointer   |
|b2_datain         |  in |  256|   ap_bus   |      b2      |    pointer   |
|b2_dataout        | out |  256|   ap_bus   |      b2      |    pointer   |
|b2_size           | out |   32|   ap_bus   |      b2      |    pointer   |
|b3_req_din        | out |    1|   ap_bus   |      b3      |    pointer   |
|b3_req_full_n     |  in |    1|   ap_bus   |      b3      |    pointer   |
|b3_req_write      | out |    1|   ap_bus   |      b3      |    pointer   |
|b3_rsp_empty_n    |  in |    1|   ap_bus   |      b3      |    pointer   |
|b3_rsp_read       | out |    1|   ap_bus   |      b3      |    pointer   |
|b3_address        | out |   32|   ap_bus   |      b3      |    pointer   |
|b3_datain         |  in |  256|   ap_bus   |      b3      |    pointer   |
|b3_dataout        | out |  256|   ap_bus   |      b3      |    pointer   |
|b3_size           | out |   32|   ap_bus   |      b3      |    pointer   |
|blockSize         |  in |   32|    ap_hs   |   blockSize  |    scalar    |
|blockSize_ap_vld  |  in |    1|    ap_hs   |   blockSize  |    scalar    |
|blockSize_ap_ack  | out |    1|    ap_hs   |   blockSize  |    scalar    |
+------------------+-----+-----+------------+--------------+--------------+

